Component: ARM Compiler 5.06 update 4 (build 422) Tool: armlink [4d35d2]

==============================================================================

Section Cross References

    startup_cmsdk_cm0.o(STACK) refers (Special) to heapauxi.o(.text) for __use_two_region_memory
    startup_cmsdk_cm0.o(HEAP) refers (Special) to heapauxi.o(.text) for __use_two_region_memory
    startup_cmsdk_cm0.o(RESET) refers (Special) to heapauxi.o(.text) for __use_two_region_memory
    startup_cmsdk_cm0.o(RESET) refers to startup_cmsdk_cm0.o(STACK) for __initial_sp
    startup_cmsdk_cm0.o(RESET) refers to startup_cmsdk_cm0.o(.text) for Reset_Handler
    startup_cmsdk_cm0.o(RESET) refers to pwm.o(.text) for SWTIM_Handler
    startup_cmsdk_cm0.o(RESET) refers to main.o(.text) for GPIO0_Handler
    startup_cmsdk_cm0.o(.text) refers (Special) to heapauxi.o(.text) for __use_two_region_memory
    startup_cmsdk_cm0.o(.text) refers to system_cmsdk.o(.text) for SystemInit
    startup_cmsdk_cm0.o(.text) refers to __main.o(!!!main) for __main
    startup_cmsdk_cm0.o(.text) refers to startup_cmsdk_cm0.o(HEAP) for Heap_Mem
    startup_cmsdk_cm0.o(.text) refers to startup_cmsdk_cm0.o(STACK) for Stack_Mem
    system_cmsdk.o(.text) refers to system_cmsdk.o(.data) for SystemCoreClock
    peripherals.o(.text) refers to gpio.o(i.GPIO_ConfigurePin) for GPIO_ConfigurePin
    main.o(.text) refers to spi.o(.text) for lcd_cs_low
    main.o(.text) refers to pwm.o(i.set_tmr_enable) for set_tmr_enable
    main.o(.text) refers to pwm.o(i.set_tmr_div) for set_tmr_div
    main.o(.text) refers to pwm.o(.text) for timer0_init
    main.o(.text) refers to pwm.o(i.timer0_stop) for timer0_stop
    main.o(.text) refers to aeabi_sdiv.o(.text) for __aeabi_idivmod
    main.o(.text) refers to gpio.o(i.GPIO_SetInactive) for GPIO_SetInactive
    main.o(.text) refers to peripherals.o(.text) for periph_init
    main.o(.text) refers to pwm.o(i.timer0_register_callback) for timer0_register_callback
    main.o(.text) refers to main.o(.data) for hanzi
    main.o(.text) refers to gpio.o(i.GPIO_SetActive) for GPIO_SetActive
    main.o(.text) refers to pwm.o(i.timer0_start) for timer0_start
    spi.o(.text) refers to gpio.o(i.GPIO_SetInactive) for GPIO_SetInactive
    spi.o(.text) refers to gpio.o(i.GPIO_SetActive) for GPIO_SetActive
    spi.o(.text) refers to spi.o(.data) for spi_driver_cs_pad
    pwm.o(.text) refers to pwm.o(i.timer2_enable) for timer2_enable
    pwm.o(.text) refers to pwm.o(i.timer2_set_hw_pause) for timer2_set_hw_pause
    pwm.o(.text) refers to pwm.o(i.timer2_set_sw_pause) for timer2_set_sw_pause
    pwm.o(.text) refers to pwm.o(i.timer2_set_pwm_frequency) for timer2_set_pwm_frequency
    pwm.o(.text) refers to pwm.o(.ARM.__AT_0x50003400) for timer0_ctrl_reg
    pwm.o(.text) refers to pwm.o(.data) for TIMER0_callback
    __main.o(!!!main) refers to __rtentry.o(.ARM.Collect$$rtentry$$00000000) for __rt_entry
    __rtentry.o(.ARM.Collect$$rtentry$$00000000) refers (Special) to __rtentry2.o(.ARM.Collect$$rtentry$$0000000A) for __rt_entry_li
    __rtentry.o(.ARM.Collect$$rtentry$$00000000) refers (Special) to __rtentry2.o(.ARM.Collect$$rtentry$$0000000D) for __rt_entry_main
    __rtentry.o(.ARM.Collect$$rtentry$$00000000) refers (Special) to __rtentry2.o(.ARM.Collect$$rtentry$$0000000C) for __rt_entry_postli_1
    __rtentry.o(.ARM.Collect$$rtentry$$00000000) refers (Special) to __rtentry2.o(.ARM.Collect$$rtentry$$00000009) for __rt_entry_postsh_1
    __rtentry.o(.ARM.Collect$$rtentry$$00000000) refers (Special) to __rtentry2.o(.ARM.Collect$$rtentry$$00000002) for __rt_entry_presh_1
    __rtentry.o(.ARM.Collect$$rtentry$$00000000) refers (Special) to __rtentry4.o(.ARM.Collect$$rtentry$$00000004) for __rt_entry_sh
    aeabi_idiv0_sigfpe.o(.text) refers to rt_div0.o(.text) for __rt_div0
    __rtentry2.o(.ARM.Collect$$rtentry$$00000008) refers to boardinit2.o(.text) for _platform_post_stackheap_init
    __rtentry2.o(.ARM.Collect$$rtentry$$0000000A) refers to libinit.o(.ARM.Collect$$libinit$$00000000) for __rt_lib_init
    __rtentry2.o(.ARM.Collect$$rtentry$$0000000B) refers to boardinit3.o(.text) for _platform_post_lib_init
    __rtentry2.o(.ARM.Collect$$rtentry$$0000000D) refers to main.o(.text) for main
    __rtentry2.o(.ARM.Collect$$rtentry$$0000000D) refers to exit.o(.text) for exit
    __rtentry2.o(.ARM.exidx) refers to __rtentry2.o(.ARM.Collect$$rtentry$$00000001) for .ARM.Collect$$rtentry$$00000001
    __rtentry2.o(.ARM.exidx) refers to __rtentry2.o(.ARM.Collect$$rtentry$$00000008) for .ARM.Collect$$rtentry$$00000008
    __rtentry2.o(.ARM.exidx) refers to __rtentry2.o(.ARM.Collect$$rtentry$$0000000A) for .ARM.Collect$$rtentry$$0000000A
    __rtentry2.o(.ARM.exidx) refers to __rtentry2.o(.ARM.Collect$$rtentry$$0000000B) for .ARM.Collect$$rtentry$$0000000B
    __rtentry2.o(.ARM.exidx) refers to __rtentry2.o(.ARM.Collect$$rtentry$$0000000D) for .ARM.Collect$$rtentry$$0000000D
    __rtentry4.o(.ARM.Collect$$rtentry$$00000004) refers to sys_stackheap_outer.o(.text) for __user_setup_stackheap
    __rtentry4.o(.ARM.exidx) refers to __rtentry4.o(.ARM.Collect$$rtentry$$00000004) for .ARM.Collect$$rtentry$$00000004
    rt_div0.o(.text) refers to defsig_fpe_outer.o(.text) for __rt_SIGFPE
    sys_stackheap_outer.o(.text) refers to libspace.o(.text) for __user_perproc_libspace
    sys_stackheap_outer.o(.text) refers to startup_cmsdk_cm0.o(.text) for __user_initial_stackheap
    sys_stackheap_outer.o(__vectab_stack_and_reset_area) refers to tempstk.o(.text) for __temporary_stack_top
    sys_stackheap_outer.o(__vectab_stack_and_reset_area) refers to __main.o(!!!main) for __main
    exit.o(.text) refers to rtexit.o(.ARM.Collect$$rtexit$$00000000) for __rt_exit
    defsig_fpe_outer.o(.text) refers to defsig_fpe_inner.o(.text) for __rt_SIGFPE_inner
    defsig_fpe_outer.o(.text) refers to defsig_exit.o(.text) for __sig_exit
    defsig_fpe_formal.o(.text) refers to rt_raise.o(.text) for __rt_raise
    libinit.o(.ARM.Collect$$libinit$$00000000) refers (Special) to libinit2.o(.ARM.Collect$$libinit$$0000002E) for __rt_lib_init_alloca_1
    libinit.o(.ARM.Collect$$libinit$$00000000) refers (Special) to libinit2.o(.ARM.Collect$$libinit$$0000002C) for __rt_lib_init_argv_1
    libinit.o(.ARM.Collect$$libinit$$00000000) refers (Special) to libinit2.o(.ARM.Collect$$libinit$$0000001B) for __rt_lib_init_atexit_1
    libinit.o(.ARM.Collect$$libinit$$00000000) refers (Special) to libinit2.o(.ARM.Collect$$libinit$$00000021) for __rt_lib_init_clock_1
    libinit.o(.ARM.Collect$$libinit$$00000000) refers (Special) to libinit2.o(.ARM.Collect$$libinit$$00000032) for __rt_lib_init_cpp_1
    libinit.o(.ARM.Collect$$libinit$$00000000) refers (Special) to libinit2.o(.ARM.Collect$$libinit$$00000030) for __rt_lib_init_exceptions_1
    libinit.o(.ARM.Collect$$libinit$$00000000) refers (Special) to libinit2.o(.ARM.Collect$$libinit$$00000002) for __rt_lib_init_fp_1
    libinit.o(.ARM.Collect$$libinit$$00000000) refers (Special) to libinit2.o(.ARM.Collect$$libinit$$0000001F) for __rt_lib_init_fp_trap_1
    libinit.o(.ARM.Collect$$libinit$$00000000) refers (Special) to libinit2.o(.ARM.Collect$$libinit$$00000023) for __rt_lib_init_getenv_1
    libinit.o(.ARM.Collect$$libinit$$00000000) refers (Special) to libinit2.o(.ARM.Collect$$libinit$$0000000A) for __rt_lib_init_heap_1
    libinit.o(.ARM.Collect$$libinit$$00000000) refers (Special) to libinit2.o(.ARM.Collect$$libinit$$00000011) for __rt_lib_init_lc_collate_1
    libinit.o(.ARM.Collect$$libinit$$00000000) refers (Special) to libinit2.o(.ARM.Collect$$libinit$$00000013) for __rt_lib_init_lc_ctype_1
    libinit.o(.ARM.Collect$$libinit$$00000000) refers (Special) to libinit2.o(.ARM.Collect$$libinit$$00000015) for __rt_lib_init_lc_monetary_1
    libinit.o(.ARM.Collect$$libinit$$00000000) refers (Special) to libinit2.o(.ARM.Collect$$libinit$$00000017) for __rt_lib_init_lc_numeric_1
    libinit.o(.ARM.Collect$$libinit$$00000000) refers (Special) to libinit2.o(.ARM.Collect$$libinit$$00000019) for __rt_lib_init_lc_time_1
    libinit.o(.ARM.Collect$$libinit$$00000000) refers (Special) to libinit2.o(.ARM.Collect$$libinit$$00000004) for __rt_lib_init_preinit_1
    libinit.o(.ARM.Collect$$libinit$$00000000) refers (Special) to libinit2.o(.ARM.Collect$$libinit$$0000000E) for __rt_lib_init_rand_1
    libinit.o(.ARM.Collect$$libinit$$00000000) refers (Special) to libinit2.o(.ARM.Collect$$libinit$$00000033) for __rt_lib_init_return
    libinit.o(.ARM.Collect$$libinit$$00000000) refers (Special) to libinit2.o(.ARM.Collect$$libinit$$0000001D) for __rt_lib_init_signal_1
    libinit.o(.ARM.Collect$$libinit$$00000000) refers (Special) to libinit2.o(.ARM.Collect$$libinit$$00000025) for __rt_lib_init_stdio_1
    libinit.o(.ARM.Collect$$libinit$$00000000) refers (Special) to libinit2.o(.ARM.Collect$$libinit$$0000000C) for __rt_lib_init_user_alloc_1
    libspace.o(.text) refers to libspace.o(.bss) for __libspace_start
    rtexit.o(.ARM.Collect$$rtexit$$00000000) refers (Special) to rtexit2.o(.ARM.Collect$$rtexit$$00000004) for __rt_exit_exit
    rtexit.o(.ARM.Collect$$rtexit$$00000000) refers (Special) to rtexit2.o(.ARM.Collect$$rtexit$$00000003) for __rt_exit_ls
    rtexit.o(.ARM.Collect$$rtexit$$00000000) refers (Special) to rtexit2.o(.ARM.Collect$$rtexit$$00000002) for __rt_exit_prels_1
    rtexit.o(.ARM.exidx) refers (Special) to rtexit2.o(.ARM.Collect$$rtexit$$00000004) for __rt_exit_exit
    rtexit.o(.ARM.exidx) refers (Special) to rtexit2.o(.ARM.Collect$$rtexit$$00000003) for __rt_exit_ls
    rtexit.o(.ARM.exidx) refers (Special) to rtexit2.o(.ARM.Collect$$rtexit$$00000002) for __rt_exit_prels_1
    rtexit.o(.ARM.exidx) refers to rtexit.o(.ARM.Collect$$rtexit$$00000000) for .ARM.Collect$$rtexit$$00000000
    rt_raise.o(.text) refers to __raise.o(.text) for __raise
    rt_raise.o(.text) refers to sys_exit.o(.text) for _sys_exit
    defsig_exit.o(.text) refers to sys_exit.o(.text) for _sys_exit
    defsig_fpe_inner.o(.text) refers to defsig_general.o(.text) for __default_signal_display
    libinit2.o(.ARM.Collect$$libinit$$00000010) refers to libinit2.o(.ARM.Collect$$libinit$$0000000F) for .ARM.Collect$$libinit$$0000000F
    libinit2.o(.ARM.Collect$$libinit$$00000012) refers to libinit2.o(.ARM.Collect$$libinit$$0000000F) for .ARM.Collect$$libinit$$0000000F
    libinit2.o(.ARM.Collect$$libinit$$00000014) refers to libinit2.o(.ARM.Collect$$libinit$$0000000F) for .ARM.Collect$$libinit$$0000000F
    libinit2.o(.ARM.Collect$$libinit$$00000016) refers to libinit2.o(.ARM.Collect$$libinit$$0000000F) for .ARM.Collect$$libinit$$0000000F
    libinit2.o(.ARM.Collect$$libinit$$00000018) refers to libinit2.o(.ARM.Collect$$libinit$$0000000F) for .ARM.Collect$$libinit$$0000000F
    libinit2.o(.ARM.Collect$$libinit$$00000026) refers to argv_veneer.o(.text) for __ARM_argv_veneer
    libinit2.o(.ARM.Collect$$libinit$$00000027) refers to argv_veneer.o(.text) for __ARM_argv_veneer
    sys_exit.o(.text) refers (Special) to use_no_semi.o(.text) for __I$use$semihosting
    sys_exit.o(.text) refers (Special) to indicate_semi.o(.text) for __semihosting_library_function
    rtexit2.o(.ARM.Collect$$rtexit$$00000003) refers to libshutdown.o(.ARM.Collect$$libshutdown$$00000000) for __rt_lib_shutdown
    rtexit2.o(.ARM.Collect$$rtexit$$00000004) refers to sys_exit.o(.text) for _sys_exit
    rtexit2.o(.ARM.exidx) refers to rtexit2.o(.ARM.Collect$$rtexit$$00000001) for .ARM.Collect$$rtexit$$00000001
    rtexit2.o(.ARM.exidx) refers to rtexit2.o(.ARM.Collect$$rtexit$$00000003) for .ARM.Collect$$rtexit$$00000003
    rtexit2.o(.ARM.exidx) refers to rtexit2.o(.ARM.Collect$$rtexit$$00000004) for .ARM.Collect$$rtexit$$00000004
    __raise.o(.text) refers to defsig.o(CL$$defsig) for __default_signal_handler
    defsig_general.o(.text) refers to sys_wrch.o(.text) for _ttywrch
    sys_wrch.o(.text) refers (Special) to use_no_semi.o(.text) for __I$use$semihosting
    sys_wrch.o(.text) refers (Special) to indicate_semi.o(.text) for __semihosting_library_function
    defsig.o(CL$$defsig) refers to defsig_fpe_inner.o(.text) for __rt_SIGFPE_inner
    defsig.o(CL$$defsig) refers to defsig_rtmem_inner.o(.text) for __rt_SIGRTMEM_inner
    _get_argv_nomalloc.o(.text) refers (Special) to hrguard.o(.text) for __heap_region$guard
    _get_argv_nomalloc.o(.text) refers to defsig_rtmem_outer.o(.text) for __rt_SIGRTMEM
    _get_argv_nomalloc.o(.text) refers to sys_command.o(.text) for _sys_command_string
    libshutdown.o(.ARM.Collect$$libshutdown$$00000000) refers (Special) to libshutdown2.o(.ARM.Collect$$libshutdown$$00000002) for __rt_lib_shutdown_cpp_1
    libshutdown.o(.ARM.Collect$$libshutdown$$00000000) refers (Special) to libshutdown2.o(.ARM.Collect$$libshutdown$$00000007) for __rt_lib_shutdown_fp_trap_1
    libshutdown.o(.ARM.Collect$$libshutdown$$00000000) refers (Special) to libshutdown2.o(.ARM.Collect$$libshutdown$$0000000F) for __rt_lib_shutdown_heap_1
    libshutdown.o(.ARM.Collect$$libshutdown$$00000000) refers (Special) to libshutdown2.o(.ARM.Collect$$libshutdown$$00000010) for __rt_lib_shutdown_return
    libshutdown.o(.ARM.Collect$$libshutdown$$00000000) refers (Special) to libshutdown2.o(.ARM.Collect$$libshutdown$$0000000A) for __rt_lib_shutdown_signal_1
    libshutdown.o(.ARM.Collect$$libshutdown$$00000000) refers (Special) to libshutdown2.o(.ARM.Collect$$libshutdown$$00000004) for __rt_lib_shutdown_stdio_1
    libshutdown.o(.ARM.Collect$$libshutdown$$00000000) refers (Special) to libshutdown2.o(.ARM.Collect$$libshutdown$$0000000C) for __rt_lib_shutdown_user_alloc_1
    sys_command.o(.text) refers (Special) to use_no_semi.o(.text) for __I$use$semihosting
    sys_command.o(.text) refers (Special) to indicate_semi.o(.text) for __semihosting_library_function
    defsig_abrt_inner.o(.text) refers to defsig_general.o(.text) for __default_signal_display
    defsig_rtred_inner.o(.text) refers to defsig_general.o(.text) for __default_signal_display
    defsig_rtmem_inner.o(.text) refers to defsig_general.o(.text) for __default_signal_display
    defsig_rtmem_outer.o(.text) refers to defsig_rtmem_inner.o(.text) for __rt_SIGRTMEM_inner
    defsig_rtmem_outer.o(.text) refers to defsig_exit.o(.text) for __sig_exit
    defsig_rtmem_formal.o(.text) refers to rt_raise.o(.text) for __rt_raise
    defsig_stak_inner.o(.text) refers to defsig_general.o(.text) for __default_signal_display
    defsig_pvfn_inner.o(.text) refers to defsig_general.o(.text) for __default_signal_display
    defsig_cppl_inner.o(.text) refers to defsig_general.o(.text) for __default_signal_display
    defsig_segv_inner.o(.text) refers to defsig_general.o(.text) for __default_signal_display
    defsig_other.o(.text) refers to defsig_general.o(.text) for __default_signal_display
    gpio.o(i.GPIO_ConfigurePin) refers to gpio.o(i.GPIO_SetActive) for GPIO_SetActive
    gpio.o(i.GPIO_ConfigurePin) refers to gpio.o(i.GPIO_SetInactive) for GPIO_SetInactive
    gpio.o(i.GPIO_ConfigurePin) refers to gpio.o(i.GPIO_SetPinFunction) for GPIO_SetPinFunction
    pwm.o(i.set_tmr_enable) refers to pwm.o(.ARM.__AT_0x50000004) for clk_per_reg
    pwm.o(i.set_tmr_div) refers to pwm.o(.ARM.__AT_0x50000004) for clk_per_reg
    pwm.o(i.timer0_start) refers to pwm.o(.ARM.__AT_0x50003400) for timer0_ctrl_reg
    pwm.o(i.timer0_stop) refers to pwm.o(.ARM.__AT_0x50003400) for timer0_ctrl_reg
    pwm.o(i.timer0_release) refers to pwm.o(i.timer0_stop) for timer0_stop
    pwm.o(i.timer0_register_callback) refers to pwm.o(.data) for TIMER0_callback
    pwm.o(i.timer2_enable) refers to pwm.o(.ARM.__AT_0x50003410) for triple_pwm_ctrl_reg
    pwm.o(i.timer2_set_hw_pause) refers to pwm.o(.ARM.__AT_0x50003410) for triple_pwm_ctrl_reg
    pwm.o(i.timer2_set_sw_pause) refers to pwm.o(.ARM.__AT_0x50003410) for triple_pwm_ctrl_reg
    pwm.o(i.timer2_stop) refers to pwm.o(i.timer2_enable) for timer2_enable


==============================================================================

Removing Unused input sections from the image.

    Removing peripherals.o(.rev16_text), (4 bytes).
    Removing peripherals.o(.revsh_text), (4 bytes).
    Removing main.o(.rev16_text), (4 bytes).
    Removing main.o(.revsh_text), (4 bytes).
    Removing gpio.o(.rev16_text), (4 bytes).
    Removing gpio.o(.revsh_text), (4 bytes).
    Removing spi.o(.rev16_text), (4 bytes).
    Removing spi.o(.revsh_text), (4 bytes).
    Removing pwm.o(.rev16_text), (4 bytes).
    Removing pwm.o(.revsh_text), (4 bytes).
    Removing gpio.o(i.GPIO_init), (2 bytes).
    Removing gpio.o(i.GPIO_GetPinStatus), (40 bytes).
    Removing pwm.o(i.timer0_release), (8 bytes).
    Removing pwm.o(i.timer0_set_pwm_on_counter), (12 bytes).
    Removing pwm.o(i.timer0_set_pwm_high_counter), (12 bytes).
    Removing pwm.o(i.timer0_set_pwm_low_counter), (12 bytes).
    Removing pwm.o(i.timer2_stop), (10 bytes).
    Removing pwm.o(i.timer2_set_pwm2_duty_cycle), (12 bytes).
    Removing pwm.o(i.timer2_set_pwm3_duty_cycle), (12 bytes).
    Removing pwm.o(i.timer2_set_pwm4_duty_cycle), (12 bytes).

20 unused section(s) (total 172 bytes) removed from the image.

==============================================================================

Image Symbol Table

    Local Symbols

    Symbol Name                              Value     Ov Type        Size  Object(Section)

    RESET                                    0x00000000   Section      160  startup_cmsdk_cm0.o(RESET)
    ../clib/../cmprslib/zerorunl2.c          0x00000000   Number         0  __dczerorl2.o ABSOLUTE
    ../clib/angel/boardlib.s                 0x00000000   Number         0  boardinit2.o ABSOLUTE
    ../clib/angel/boardlib.s                 0x00000000   Number         0  boardinit3.o ABSOLUTE
    ../clib/angel/boardlib.s                 0x00000000   Number         0  boardshut.o ABSOLUTE
    ../clib/angel/boardlib.s                 0x00000000   Number         0  boardinit1.o ABSOLUTE
    ../clib/angel/handlers.s                 0x00000000   Number         0  __scatter_zi.o ABSOLUTE
    ../clib/angel/kernel.s                   0x00000000   Number         0  rtexit.o ABSOLUTE
    ../clib/angel/kernel.s                   0x00000000   Number         0  __rtentry4.o ABSOLUTE
    ../clib/angel/kernel.s                   0x00000000   Number         0  __rtentry2.o ABSOLUTE
    ../clib/angel/kernel.s                   0x00000000   Number         0  rtexit2.o ABSOLUTE
    ../clib/angel/kernel.s                   0x00000000   Number         0  __rtentry.o ABSOLUTE
    ../clib/angel/rt.s                       0x00000000   Number         0  rt_div0.o ABSOLUTE
    ../clib/angel/rt.s                       0x00000000   Number         0  rt_raise.o ABSOLUTE
    ../clib/angel/rt.s                       0x00000000   Number         0  aeabi_idiv0_sigfpe.o ABSOLUTE
    ../clib/angel/rt.s                       0x00000000   Number         0  aeabi_idiv0.o ABSOLUTE
    ../clib/angel/scatterp.s                 0x00000000   Number         0  __scatter.o ABSOLUTE
    ../clib/angel/startup.s                  0x00000000   Number         0  __main.o ABSOLUTE
    ../clib/angel/sys.s                      0x00000000   Number         0  libspace.o ABSOLUTE
    ../clib/angel/sys.s                      0x00000000   Number         0  tempstk.o ABSOLUTE
    ../clib/angel/sys.s                      0x00000000   Number         0  sys_stackheap_outer.o ABSOLUTE
    ../clib/angel/sys.s                      0x00000000   Number         0  use_no_semi.o ABSOLUTE
    ../clib/angel/sys.s                      0x00000000   Number         0  indicate_semi.o ABSOLUTE
    ../clib/angel/sysapp.c                   0x00000000   Number         0  sys_command.o ABSOLUTE
    ../clib/angel/sysapp.c                   0x00000000   Number         0  sys_wrch.o ABSOLUTE
    ../clib/angel/sysapp.c                   0x00000000   Number         0  sys_exit.o ABSOLUTE
    ../clib/armsys.c                         0x00000000   Number         0  _get_argv_nomalloc.o ABSOLUTE
    ../clib/armsys.c                         0x00000000   Number         0  no_argv.o ABSOLUTE
    ../clib/armsys.c                         0x00000000   Number         0  argv_veneer.o ABSOLUTE
    ../clib/division.s                       0x00000000   Number         0  aeabi_sdiv_div0.o ABSOLUTE
    ../clib/division.s                       0x00000000   Number         0  aeabi_sdiv.o ABSOLUTE
    ../clib/heapalloc.c                      0x00000000   Number         0  hrguard.o ABSOLUTE
    ../clib/heapaux.c                        0x00000000   Number         0  heapauxi.o ABSOLUTE
    ../clib/libinit.s                        0x00000000   Number         0  libshutdown.o ABSOLUTE
    ../clib/libinit.s                        0x00000000   Number         0  libinit2.o ABSOLUTE
    ../clib/libinit.s                        0x00000000   Number         0  libshutdown2.o ABSOLUTE
    ../clib/libinit.s                        0x00000000   Number         0  libinit.o ABSOLUTE
    ../clib/signal.c                         0x00000000   Number         0  defsig_fpe_outer.o ABSOLUTE
    ../clib/signal.c                         0x00000000   Number         0  defsig_fpe_formal.o ABSOLUTE
    ../clib/signal.c                         0x00000000   Number         0  defsig_rtred_inner.o ABSOLUTE
    ../clib/signal.c                         0x00000000   Number         0  defsig_rtmem_inner.o ABSOLUTE
    ../clib/signal.c                         0x00000000   Number         0  defsig_abrt_inner.o ABSOLUTE
    ../clib/signal.c                         0x00000000   Number         0  defsig_segv_inner.o ABSOLUTE
    ../clib/signal.c                         0x00000000   Number         0  defsig_other.o ABSOLUTE
    ../clib/signal.c                         0x00000000   Number         0  defsig_rtmem_outer.o ABSOLUTE
    ../clib/signal.c                         0x00000000   Number         0  defsig_rtmem_formal.o ABSOLUTE
    ../clib/signal.c                         0x00000000   Number         0  __raise.o ABSOLUTE
    ../clib/signal.c                         0x00000000   Number         0  defsig_stak_inner.o ABSOLUTE
    ../clib/signal.c                         0x00000000   Number         0  defsig_fpe_inner.o ABSOLUTE
    ../clib/signal.c                         0x00000000   Number         0  defsig_exit.o ABSOLUTE
    ../clib/signal.c                         0x00000000   Number         0  defsig_general.o ABSOLUTE
    ../clib/signal.c                         0x00000000   Number         0  defsig_pvfn_inner.o ABSOLUTE
    ../clib/signal.c                         0x00000000   Number         0  defsig_cppl_inner.o ABSOLUTE
    ../clib/signal.s                         0x00000000   Number         0  defsig.o ABSOLUTE
    ../clib/stdlib.c                         0x00000000   Number         0  exit.o ABSOLUTE
    ../fplib/cfplib/fpinit.c                 0x00000000   Number         0  fpinit.o ABSOLUTE
    dc.s                                     0x00000000   Number         0  dc.o ABSOLUTE
    src\\gpio.c                              0x00000000   Number         0  gpio.o ABSOLUTE
    src\\main.c                              0x00000000   Number         0  main.o ABSOLUTE
    src\\peripherals.c                       0x00000000   Number         0  peripherals.o ABSOLUTE
    src\\pwm.c                               0x00000000   Number         0  pwm.o ABSOLUTE
    src\\spi.c                               0x00000000   Number         0  spi.o ABSOLUTE
    src\gpio.c                               0x00000000   Number         0  gpio.o ABSOLUTE
    src\main.c                               0x00000000   Number         0  main.o ABSOLUTE
    src\peripherals.c                        0x00000000   Number         0  peripherals.o ABSOLUTE
    src\pwm.c                                0x00000000   Number         0  pwm.o ABSOLUTE
    src\spi.c                                0x00000000   Number         0  spi.o ABSOLUTE
    startup\startup_CMSDK_CM0.s              0x00000000   Number         0  startup_cmsdk_cm0.o ABSOLUTE
    startup\system_CMSDK.c                   0x00000000   Number         0  system_cmsdk.o ABSOLUTE
    !!!main                                  0x000000a0   Section        8  __main.o(!!!main)
    !!!scatter                               0x000000a8   Section       60  __scatter.o(!!!scatter)
    !!handler_zi                             0x000000e4   Section       28  __scatter_zi.o(!!handler_zi)
    .ARM.Collect$$libinit$$00000000          0x00000100   Section        2  libinit.o(.ARM.Collect$$libinit$$00000000)
    .ARM.Collect$$libinit$$00000002          0x00000102   Section        0  libinit2.o(.ARM.Collect$$libinit$$00000002)
    .ARM.Collect$$libinit$$00000004          0x00000102   Section        0  libinit2.o(.ARM.Collect$$libinit$$00000004)
    .ARM.Collect$$libinit$$0000000A          0x00000102   Section        0  libinit2.o(.ARM.Collect$$libinit$$0000000A)
    .ARM.Collect$$libinit$$0000000C          0x00000102   Section        0  libinit2.o(.ARM.Collect$$libinit$$0000000C)
    .ARM.Collect$$libinit$$0000000E          0x00000102   Section        0  libinit2.o(.ARM.Collect$$libinit$$0000000E)
    .ARM.Collect$$libinit$$00000011          0x00000102   Section        0  libinit2.o(.ARM.Collect$$libinit$$00000011)
    .ARM.Collect$$libinit$$00000013          0x00000102   Section        0  libinit2.o(.ARM.Collect$$libinit$$00000013)
    .ARM.Collect$$libinit$$00000015          0x00000102   Section        0  libinit2.o(.ARM.Collect$$libinit$$00000015)
    .ARM.Collect$$libinit$$00000017          0x00000102   Section        0  libinit2.o(.ARM.Collect$$libinit$$00000017)
    .ARM.Collect$$libinit$$00000019          0x00000102   Section        0  libinit2.o(.ARM.Collect$$libinit$$00000019)
    .ARM.Collect$$libinit$$0000001B          0x00000102   Section        0  libinit2.o(.ARM.Collect$$libinit$$0000001B)
    .ARM.Collect$$libinit$$0000001D          0x00000102   Section        0  libinit2.o(.ARM.Collect$$libinit$$0000001D)
    .ARM.Collect$$libinit$$0000001F          0x00000102   Section        0  libinit2.o(.ARM.Collect$$libinit$$0000001F)
    .ARM.Collect$$libinit$$00000021          0x00000102   Section        0  libinit2.o(.ARM.Collect$$libinit$$00000021)
    .ARM.Collect$$libinit$$00000023          0x00000102   Section        0  libinit2.o(.ARM.Collect$$libinit$$00000023)
    .ARM.Collect$$libinit$$00000025          0x00000102   Section        0  libinit2.o(.ARM.Collect$$libinit$$00000025)
    .ARM.Collect$$libinit$$0000002C          0x00000102   Section        0  libinit2.o(.ARM.Collect$$libinit$$0000002C)
    .ARM.Collect$$libinit$$0000002E          0x00000102   Section        0  libinit2.o(.ARM.Collect$$libinit$$0000002E)
    .ARM.Collect$$libinit$$00000030          0x00000102   Section        0  libinit2.o(.ARM.Collect$$libinit$$00000030)
    .ARM.Collect$$libinit$$00000032          0x00000102   Section        0  libinit2.o(.ARM.Collect$$libinit$$00000032)
    .ARM.Collect$$libinit$$00000033          0x00000102   Section        2  libinit2.o(.ARM.Collect$$libinit$$00000033)
    .ARM.Collect$$libshutdown$$00000000      0x00000104   Section        2  libshutdown.o(.ARM.Collect$$libshutdown$$00000000)
    .ARM.Collect$$libshutdown$$00000002      0x00000106   Section        0  libshutdown2.o(.ARM.Collect$$libshutdown$$00000002)
    .ARM.Collect$$libshutdown$$00000004      0x00000106   Section        0  libshutdown2.o(.ARM.Collect$$libshutdown$$00000004)
    .ARM.Collect$$libshutdown$$00000007      0x00000106   Section        0  libshutdown2.o(.ARM.Collect$$libshutdown$$00000007)
    .ARM.Collect$$libshutdown$$0000000A      0x00000106   Section        0  libshutdown2.o(.ARM.Collect$$libshutdown$$0000000A)
    .ARM.Collect$$libshutdown$$0000000C      0x00000106   Section        0  libshutdown2.o(.ARM.Collect$$libshutdown$$0000000C)
    .ARM.Collect$$libshutdown$$0000000F      0x00000106   Section        0  libshutdown2.o(.ARM.Collect$$libshutdown$$0000000F)
    .ARM.Collect$$libshutdown$$00000010      0x00000106   Section        2  libshutdown2.o(.ARM.Collect$$libshutdown$$00000010)
    .ARM.Collect$$rtentry$$00000000          0x00000108   Section        0  __rtentry.o(.ARM.Collect$$rtentry$$00000000)
    .ARM.Collect$$rtentry$$00000002          0x00000108   Section        0  __rtentry2.o(.ARM.Collect$$rtentry$$00000002)
    .ARM.Collect$$rtentry$$00000004          0x00000108   Section        6  __rtentry4.o(.ARM.Collect$$rtentry$$00000004)
    .ARM.Collect$$rtentry$$00000009          0x0000010e   Section        0  __rtentry2.o(.ARM.Collect$$rtentry$$00000009)
    .ARM.Collect$$rtentry$$0000000A          0x0000010e   Section        4  __rtentry2.o(.ARM.Collect$$rtentry$$0000000A)
    .ARM.Collect$$rtentry$$0000000C          0x00000112   Section        0  __rtentry2.o(.ARM.Collect$$rtentry$$0000000C)
    .ARM.Collect$$rtentry$$0000000D          0x00000112   Section        8  __rtentry2.o(.ARM.Collect$$rtentry$$0000000D)
    .ARM.Collect$$rtexit$$00000000           0x0000011a   Section        2  rtexit.o(.ARM.Collect$$rtexit$$00000000)
    .ARM.Collect$$rtexit$$00000002           0x0000011c   Section        0  rtexit2.o(.ARM.Collect$$rtexit$$00000002)
    .ARM.Collect$$rtexit$$00000003           0x0000011c   Section        4  rtexit2.o(.ARM.Collect$$rtexit$$00000003)
    .ARM.Collect$$rtexit$$00000004           0x00000120   Section        6  rtexit2.o(.ARM.Collect$$rtexit$$00000004)
    .text                                    0x00000128   Section       56  startup_cmsdk_cm0.o(.text)
    .text                                    0x00000160   Section        0  system_cmsdk.o(.text)
    .text                                    0x000001b8   Section        0  peripherals.o(.text)
    .text                                    0x00000288   Section        0  main.o(.text)
    NVIC_SetPriority                         0x00000289   Thumb Code   110  main.o(.text)
    NVIC_EnableIRQ                           0x00000811   Thumb Code    14  main.o(.text)
    .text                                    0x00000830   Section        0  spi.o(.text)
    .text                                    0x00000a60   Section        0  pwm.o(.text)
    NVIC_SetPriority                         0x00000b0b   Thumb Code   110  pwm.o(.text)
    .text                                    0x00000b8c   Section      346  aeabi_sdiv.o(.text)
    .text                                    0x00000ce6   Section        0  heapauxi.o(.text)
    .text                                    0x00000cec   Section       62  sys_stackheap_outer.o(.text)
    .text                                    0x00000d2a   Section        0  exit.o(.text)
    .text                                    0x00000d3c   Section        8  libspace.o(.text)
    .text                                    0x00000d44   Section        0  sys_exit.o(.text)
    .text                                    0x00000d50   Section        2  use_no_semi.o(.text)
    .text                                    0x00000d52   Section        0  indicate_semi.o(.text)
    .text                                    0x00000d52   Section        0  __dczerorl2.o(.text)
    i.GPIO_ConfigurePin                      0x00000da8   Section        0  gpio.o(i.GPIO_ConfigurePin)
    i.GPIO_SetActive                         0x00000ddc   Section        0  gpio.o(i.GPIO_SetActive)
    i.GPIO_SetInactive                       0x00000df8   Section        0  gpio.o(i.GPIO_SetInactive)
    i.GPIO_SetPinFunction                    0x00000e14   Section        0  gpio.o(i.GPIO_SetPinFunction)
    i.set_tmr_div                            0x00000e34   Section        0  pwm.o(i.set_tmr_div)
    i.set_tmr_enable                         0x00000e4c   Section        0  pwm.o(i.set_tmr_enable)
    i.timer0_register_callback               0x00000e68   Section        0  pwm.o(i.timer0_register_callback)
    i.timer0_start                           0x00000e74   Section        0  pwm.o(i.timer0_start)
    i.timer0_stop                            0x00000e88   Section        0  pwm.o(i.timer0_stop)
    i.timer2_enable                          0x00000e9c   Section        0  pwm.o(i.timer2_enable)
    i.timer2_set_hw_pause                    0x00000eb4   Section        0  pwm.o(i.timer2_set_hw_pause)
    i.timer2_set_pwm_frequency               0x00000ed0   Section        0  pwm.o(i.timer2_set_pwm_frequency)
    i.timer2_set_sw_pause                    0x00000edc   Section        0  pwm.o(i.timer2_set_sw_pause)
    .data                                    0x00008000   Section        8  system_cmsdk.o(.data)
    .data                                    0x00008008   Section      965  main.o(.data)
    flag                                     0x000083cc   Data           1  main.o(.data)
    .data                                    0x000083cd   Section        2  spi.o(.data)
    .data                                    0x000083d0   Section        4  pwm.o(.data)
    .bss                                     0x000083d4   Section       96  libspace.o(.bss)
    HEAP                                     0x00008438   Section      256  startup_cmsdk_cm0.o(HEAP)
    Heap_Mem                                 0x00008438   Data         256  startup_cmsdk_cm0.o(HEAP)
    STACK                                    0x00008538   Section      512  startup_cmsdk_cm0.o(STACK)
    Stack_Mem                                0x00008538   Data         512  startup_cmsdk_cm0.o(STACK)
    __initial_sp                             0x00008738   Data           0  startup_cmsdk_cm0.o(STACK)
    .ARM.__AT_0x50000004                     0x50000004   Section        4  pwm.o(.ARM.__AT_0x50000004)
    .ARM.__AT_0x50003400                     0x50003400   Section        4  pwm.o(.ARM.__AT_0x50003400)
    .ARM.__AT_0x50003410                     0x50003410   Section        4  pwm.o(.ARM.__AT_0x50003410)

    Global Symbols

    Symbol Name                              Value     Ov Type        Size  Object(Section)

    BuildAttributes$$THM_ISAv3M$S$PE$A:L22$X:L11$S22$IEEE1$IW$USESV6$~STKCKD$USESV7$~SHL$OSPACE$ROPI$EBA8$UX$STANDARDLIB$REQ8$PRES8$EABIv2 0x00000000   Number         0  anon$$obj.o ABSOLUTE
    __ARM_use_no_argv                        0x00000000   Number         0  main.o ABSOLUTE
    __Vectors                                0x00000000   Data           4  startup_cmsdk_cm0.o(RESET)
    __ARM_exceptions_init                     - Undefined Weak Reference
    __alloca_initialize                       - Undefined Weak Reference
    __arm_preinit_                            - Undefined Weak Reference
    __cpp_initialize__aeabi_                  - Undefined Weak Reference
    __cxa_finalize                            - Undefined Weak Reference
    __rt_locale                               - Undefined Weak Reference
    __sigvec_lookup                           - Undefined Weak Reference
    _atexit_init                              - Undefined Weak Reference
    _call_atexit_fns                          - Undefined Weak Reference
    _clock_init                               - Undefined Weak Reference
    _fp_trap_init                             - Undefined Weak Reference
    _fp_trap_shutdown                         - Undefined Weak Reference
    _get_lc_collate                           - Undefined Weak Reference
    _get_lc_ctype                             - Undefined Weak Reference
    _get_lc_monetary                          - Undefined Weak Reference
    _get_lc_numeric                           - Undefined Weak Reference
    _get_lc_time                              - Undefined Weak Reference
    _getenv_init                              - Undefined Weak Reference
    _handle_redirection                       - Undefined Weak Reference
    _init_alloc                               - Undefined Weak Reference
    _init_user_alloc                          - Undefined Weak Reference
    _initio                                   - Undefined Weak Reference
    _rand_init                                - Undefined Weak Reference
    _signal_finish                            - Undefined Weak Reference
    _signal_init                              - Undefined Weak Reference
    _terminate_alloc                          - Undefined Weak Reference
    _terminate_user_alloc                     - Undefined Weak Reference
    _terminateio                              - Undefined Weak Reference
    __Vectors_End                            0x000000a0   Data           0  startup_cmsdk_cm0.o(RESET)
    __Vectors_Size                           0x000000a0   Number         0  startup_cmsdk_cm0.o ABSOLUTE
    __main                                   0x000000a1   Thumb Code     8  __main.o(!!!main)
    __scatterload                            0x000000a9   Thumb Code     0  __scatter.o(!!!scatter)
    __scatterload_rt2                        0x000000a9   Thumb Code    52  __scatter.o(!!!scatter)
    __scatterload_rt2_thumb_only             0x000000a9   Thumb Code     0  __scatter.o(!!!scatter)
    __scatterload_null                       0x000000b9   Thumb Code     0  __scatter.o(!!!scatter)
    __scatterload_zeroinit                   0x000000e5   Thumb Code    28  __scatter_zi.o(!!handler_zi)
    __rt_lib_init                            0x00000101   Thumb Code     0  libinit.o(.ARM.Collect$$libinit$$00000000)
    __rt_lib_init_alloca_1                   0x00000103   Thumb Code     0  libinit2.o(.ARM.Collect$$libinit$$0000002E)
    __rt_lib_init_argv_1                     0x00000103   Thumb Code     0  libinit2.o(.ARM.Collect$$libinit$$0000002C)
    __rt_lib_init_atexit_1                   0x00000103   Thumb Code     0  libinit2.o(.ARM.Collect$$libinit$$0000001B)
    __rt_lib_init_clock_1                    0x00000103   Thumb Code     0  libinit2.o(.ARM.Collect$$libinit$$00000021)
    __rt_lib_init_cpp_1                      0x00000103   Thumb Code     0  libinit2.o(.ARM.Collect$$libinit$$00000032)
    __rt_lib_init_exceptions_1               0x00000103   Thumb Code     0  libinit2.o(.ARM.Collect$$libinit$$00000030)
    __rt_lib_init_fp_1                       0x00000103   Thumb Code     0  libinit2.o(.ARM.Collect$$libinit$$00000002)
    __rt_lib_init_fp_trap_1                  0x00000103   Thumb Code     0  libinit2.o(.ARM.Collect$$libinit$$0000001F)
    __rt_lib_init_getenv_1                   0x00000103   Thumb Code     0  libinit2.o(.ARM.Collect$$libinit$$00000023)
    __rt_lib_init_heap_1                     0x00000103   Thumb Code     0  libinit2.o(.ARM.Collect$$libinit$$0000000A)
    __rt_lib_init_lc_collate_1               0x00000103   Thumb Code     0  libinit2.o(.ARM.Collect$$libinit$$00000011)
    __rt_lib_init_lc_ctype_1                 0x00000103   Thumb Code     0  libinit2.o(.ARM.Collect$$libinit$$00000013)
    __rt_lib_init_lc_monetary_1              0x00000103   Thumb Code     0  libinit2.o(.ARM.Collect$$libinit$$00000015)
    __rt_lib_init_lc_numeric_1               0x00000103   Thumb Code     0  libinit2.o(.ARM.Collect$$libinit$$00000017)
    __rt_lib_init_lc_time_1                  0x00000103   Thumb Code     0  libinit2.o(.ARM.Collect$$libinit$$00000019)
    __rt_lib_init_preinit_1                  0x00000103   Thumb Code     0  libinit2.o(.ARM.Collect$$libinit$$00000004)
    __rt_lib_init_rand_1                     0x00000103   Thumb Code     0  libinit2.o(.ARM.Collect$$libinit$$0000000E)
    __rt_lib_init_return                     0x00000103   Thumb Code     0  libinit2.o(.ARM.Collect$$libinit$$00000033)
    __rt_lib_init_signal_1                   0x00000103   Thumb Code     0  libinit2.o(.ARM.Collect$$libinit$$0000001D)
    __rt_lib_init_stdio_1                    0x00000103   Thumb Code     0  libinit2.o(.ARM.Collect$$libinit$$00000025)
    __rt_lib_init_user_alloc_1               0x00000103   Thumb Code     0  libinit2.o(.ARM.Collect$$libinit$$0000000C)
    __rt_lib_shutdown                        0x00000105   Thumb Code     0  libshutdown.o(.ARM.Collect$$libshutdown$$00000000)
    __rt_lib_shutdown_cpp_1                  0x00000107   Thumb Code     0  libshutdown2.o(.ARM.Collect$$libshutdown$$00000002)
    __rt_lib_shutdown_fp_trap_1              0x00000107   Thumb Code     0  libshutdown2.o(.ARM.Collect$$libshutdown$$00000007)
    __rt_lib_shutdown_heap_1                 0x00000107   Thumb Code     0  libshutdown2.o(.ARM.Collect$$libshutdown$$0000000F)
    __rt_lib_shutdown_return                 0x00000107   Thumb Code     0  libshutdown2.o(.ARM.Collect$$libshutdown$$00000010)
    __rt_lib_shutdown_signal_1               0x00000107   Thumb Code     0  libshutdown2.o(.ARM.Collect$$libshutdown$$0000000A)
    __rt_lib_shutdown_stdio_1                0x00000107   Thumb Code     0  libshutdown2.o(.ARM.Collect$$libshutdown$$00000004)
    __rt_lib_shutdown_user_alloc_1           0x00000107   Thumb Code     0  libshutdown2.o(.ARM.Collect$$libshutdown$$0000000C)
    __rt_entry                               0x00000109   Thumb Code     0  __rtentry.o(.ARM.Collect$$rtentry$$00000000)
    __rt_entry_presh_1                       0x00000109   Thumb Code     0  __rtentry2.o(.ARM.Collect$$rtentry$$00000002)
    __rt_entry_sh                            0x00000109   Thumb Code     0  __rtentry4.o(.ARM.Collect$$rtentry$$00000004)
    __rt_entry_li                            0x0000010f   Thumb Code     0  __rtentry2.o(.ARM.Collect$$rtentry$$0000000A)
    __rt_entry_postsh_1                      0x0000010f   Thumb Code     0  __rtentry2.o(.ARM.Collect$$rtentry$$00000009)
    __rt_entry_main                          0x00000113   Thumb Code     0  __rtentry2.o(.ARM.Collect$$rtentry$$0000000D)
    __rt_entry_postli_1                      0x00000113   Thumb Code     0  __rtentry2.o(.ARM.Collect$$rtentry$$0000000C)
    __rt_exit                                0x0000011b   Thumb Code     0  rtexit.o(.ARM.Collect$$rtexit$$00000000)
    __rt_exit_ls                             0x0000011d   Thumb Code     0  rtexit2.o(.ARM.Collect$$rtexit$$00000003)
    __rt_exit_prels_1                        0x0000011d   Thumb Code     0  rtexit2.o(.ARM.Collect$$rtexit$$00000002)
    __rt_exit_exit                           0x00000121   Thumb Code     0  rtexit2.o(.ARM.Collect$$rtexit$$00000004)
    Reset_Handler                            0x00000129   Thumb Code     8  startup_cmsdk_cm0.o(.text)
    NMI_Handler                              0x00000131   Thumb Code     2  startup_cmsdk_cm0.o(.text)
    HardFault_Handler                        0x00000133   Thumb Code     2  startup_cmsdk_cm0.o(.text)
    SVC_Handler                              0x00000135   Thumb Code     2  startup_cmsdk_cm0.o(.text)
    PendSV_Handler                           0x00000137   Thumb Code     2  startup_cmsdk_cm0.o(.text)
    SysTick_Handler                          0x00000139   Thumb Code     2  startup_cmsdk_cm0.o(.text)
    ADC_Handler                              0x0000013b   Thumb Code     0  startup_cmsdk_cm0.o(.text)
    BLE_CRYPT_Handler                        0x0000013b   Thumb Code     0  startup_cmsdk_cm0.o(.text)
    BLE_CSCNT_Handler                        0x0000013b   Thumb Code     0  startup_cmsdk_cm0.o(.text)
    BLE_ERROR_Handler                        0x0000013b   Thumb Code     0  startup_cmsdk_cm0.o(.text)
    BLE_EVENT_Handler                        0x0000013b   Thumb Code     0  startup_cmsdk_cm0.o(.text)
    BLE_FINETGTIM_Handler                    0x0000013b   Thumb Code     0  startup_cmsdk_cm0.o(.text)
    BLE_GROSSTGTIM_Handler                   0x0000013b   Thumb Code     0  startup_cmsdk_cm0.o(.text)
    BLE_RADIOCNTL_Handler                    0x0000013b   Thumb Code     0  startup_cmsdk_cm0.o(.text)
    BLE_RX_Handler                           0x0000013b   Thumb Code     0  startup_cmsdk_cm0.o(.text)
    BLE_SLP_Handler                          0x0000013b   Thumb Code     0  startup_cmsdk_cm0.o(.text)
    BLE_WAKEUP_LP_Handler                    0x0000013b   Thumb Code     0  startup_cmsdk_cm0.o(.text)
    GPIO2_Handler                            0x0000013b   Thumb Code     0  startup_cmsdk_cm0.o(.text)
    GPIO3_Handler                            0x0000013b   Thumb Code     0  startup_cmsdk_cm0.o(.text)
    GPIO4_Handler                            0x0000013b   Thumb Code     0  startup_cmsdk_cm0.o(.text)
    I2C_Handler                              0x0000013b   Thumb Code     0  startup_cmsdk_cm0.o(.text)
    KEYBRD_Handler                           0x0000013b   Thumb Code     0  startup_cmsdk_cm0.o(.text)
    RFCAL_Handler                            0x0000013b   Thumb Code     0  startup_cmsdk_cm0.o(.text)
    SPI_Handler                              0x0000013b   Thumb Code     0  startup_cmsdk_cm0.o(.text)
    UART2_Handler                            0x0000013b   Thumb Code     0  startup_cmsdk_cm0.o(.text)
    UART_Handler                             0x0000013b   Thumb Code     0  startup_cmsdk_cm0.o(.text)
    WKUP_QUADEC_Handler                      0x0000013b   Thumb Code     0  startup_cmsdk_cm0.o(.text)
    __user_initial_stackheap                 0x0000013d   Thumb Code     0  startup_cmsdk_cm0.o(.text)
    SystemInit                               0x00000161   Thumb Code    70  system_cmsdk.o(.text)
    SystemCoreClockUpdate                    0x000001a7   Thumb Code     8  system_cmsdk.o(.text)
    set_pad_functions                        0x000001b9   Thumb Code   102  peripherals.o(.text)
    periph_init                              0x0000021f   Thumb Code   100  peripherals.o(.text)
    Delay_ms                                 0x000002f7   Thumb Code    26  main.o(.text)
    Init_ST7567                              0x00000311   Thumb Code    92  main.o(.text)
    clear_screen                             0x0000036d   Thumb Code    54  main.o(.text)
    display_hanzi1616                        0x000003a3   Thumb Code    92  main.o(.text)
    display_shuzi816                         0x000003ff   Thumb Code    92  main.o(.text)
    display_movie                            0x0000045b   Thumb Code    84  main.o(.text)
    icon_display                             0x000004af   Thumb Code    52  main.o(.text)
    timer_init                               0x000004e3   Thumb Code    44  main.o(.text)
    timer_callback                           0x0000050f   Thumb Code   296  main.o(.text)
    gpio_int                                 0x00000637   Thumb Code    22  main.o(.text)
    main                                     0x0000064d   Thumb Code   298  main.o(.text)
    GPIO0_Handler                            0x00000777   Thumb Code    32  main.o(.text)
    GPIO1_Handler                            0x00000797   Thumb Code   122  main.o(.text)
    spi_cs_low                               0x00000831   Thumb Code    22  spi.o(.text)
    spi_cs_high                              0x00000847   Thumb Code    14  spi.o(.text)
    lcd_cs_low                               0x00000855   Thumb Code    22  spi.o(.text)
    lcd_cs_high                              0x0000086b   Thumb Code    12  spi.o(.text)
    lcd_dc_low                               0x00000877   Thumb Code    12  spi.o(.text)
    lcd_dc_high                              0x00000883   Thumb Code    12  spi.o(.text)
    spi_init                                 0x0000088f   Thumb Code   176  spi.o(.text)
    spi_set_bitmode                          0x0000093f   Thumb Code    44  spi.o(.text)
    spi_release                              0x0000096b   Thumb Code    44  spi.o(.text)
    spi_disable                              0x00000997   Thumb Code    14  spi.o(.text)
    spi_access                               0x000009a5   Thumb Code    76  spi.o(.text)
    spi_transaction                          0x000009f1   Thumb Code    26  spi.o(.text)
    Write_Command                            0x00000a0b   Thumb Code    38  spi.o(.text)
    Write_Data                               0x00000a31   Thumb Code    40  spi.o(.text)
    timer0_init                              0x00000a61   Thumb Code    78  pwm.o(.text)
    timer0_set                               0x00000aaf   Thumb Code    10  pwm.o(.text)
    timer0_enable_irq                        0x00000ab9   Thumb Code    14  pwm.o(.text)
    timer0_disable_irq                       0x00000ac7   Thumb Code    16  pwm.o(.text)
    SWTIM_Handler                            0x00000ad7   Thumb Code    18  pwm.o(.text)
    timer2_init                              0x00000ae9   Thumb Code    34  pwm.o(.text)
    __aeabi_uidiv                            0x00000b8d   Thumb Code     0  aeabi_sdiv.o(.text)
    __aeabi_uidivmod                         0x00000b8d   Thumb Code    20  aeabi_sdiv.o(.text)
    __aeabi_idiv                             0x00000ba1   Thumb Code     0  aeabi_sdiv.o(.text)
    __aeabi_idivmod                          0x00000ba1   Thumb Code   326  aeabi_sdiv.o(.text)
    __use_two_region_memory                  0x00000ce7   Thumb Code     2  heapauxi.o(.text)
    __rt_heap_escrow$2region                 0x00000ce9   Thumb Code     2  heapauxi.o(.text)
    __rt_heap_expand$2region                 0x00000ceb   Thumb Code     2  heapauxi.o(.text)
    __user_setup_stackheap                   0x00000ced   Thumb Code    62  sys_stackheap_outer.o(.text)
    exit                                     0x00000d2b   Thumb Code    16  exit.o(.text)
    __user_libspace                          0x00000d3d   Thumb Code     8  libspace.o(.text)
    __user_perproc_libspace                  0x00000d3d   Thumb Code     0  libspace.o(.text)
    __user_perthread_libspace                0x00000d3d   Thumb Code     0  libspace.o(.text)
    _sys_exit                                0x00000d45   Thumb Code     8  sys_exit.o(.text)
    __I$use$semihosting                      0x00000d51   Thumb Code     0  use_no_semi.o(.text)
    __use_no_semihosting_swi                 0x00000d51   Thumb Code     2  use_no_semi.o(.text)
    __decompress                             0x00000d53   Thumb Code     0  __dczerorl2.o(.text)
    __decompress1                            0x00000d53   Thumb Code    86  __dczerorl2.o(.text)
    __semihosting_library_function           0x00000d53   Thumb Code     0  indicate_semi.o(.text)
    GPIO_ConfigurePin                        0x00000da9   Thumb Code    50  gpio.o(i.GPIO_ConfigurePin)
    GPIO_SetActive                           0x00000ddd   Thumb Code    24  gpio.o(i.GPIO_SetActive)
    GPIO_SetInactive                         0x00000df9   Thumb Code    24  gpio.o(i.GPIO_SetInactive)
    GPIO_SetPinFunction                      0x00000e15   Thumb Code    28  gpio.o(i.GPIO_SetPinFunction)
    set_tmr_div                              0x00000e35   Thumb Code    20  pwm.o(i.set_tmr_div)
    set_tmr_enable                           0x00000e4d   Thumb Code    22  pwm.o(i.set_tmr_enable)
    timer0_register_callback                 0x00000e69   Thumb Code     6  pwm.o(i.timer0_register_callback)
    timer0_start                             0x00000e75   Thumb Code    16  pwm.o(i.timer0_start)
    timer0_stop                              0x00000e89   Thumb Code    14  pwm.o(i.timer0_stop)
    timer2_enable                            0x00000e9d   Thumb Code    20  pwm.o(i.timer2_enable)
    timer2_set_hw_pause                      0x00000eb5   Thumb Code    22  pwm.o(i.timer2_set_hw_pause)
    timer2_set_pwm_frequency                 0x00000ed1   Thumb Code     6  pwm.o(i.timer2_set_pwm_frequency)
    timer2_set_sw_pause                      0x00000edd   Thumb Code    22  pwm.o(i.timer2_set_sw_pause)
    Region$$Table$$Base                      0x00000ef8   Number         0  anon$$obj.o(Region$$Table)
    Region$$Table$$Limit                     0x00000f18   Number         0  anon$$obj.o(Region$$Table)
    SystemFrequency                          0x00008000   Data           4  system_cmsdk.o(.data)
    SystemCoreClock                          0x00008004   Data           4  system_cmsdk.o(.data)
    hr_num                                   0x00008008   Data           1  main.o(.data)
    spi_FLASH_CS_Pad                         0x00008009   Data           2  main.o(.data)
    heixin                                   0x0000800b   Data         480  main.o(.data)
    hanzi                                    0x000081eb   Data         320  main.o(.data)
    shuzi                                    0x0000832b   Data         160  main.o(.data)
    flag                                     0x000083cb   Data           1  main.o(.data)
    spi_driver_cs_pad                        0x000083cd   Data           2  spi.o(.data)
    TIMER0_callback                          0x000083d0   Data           4  pwm.o(.data)
    __libspace_start                         0x000083d4   Data          96  libspace.o(.bss)
    __temporary_stack_top$libspace           0x00008434   Data           0  libspace.o(.bss)
    clk_per_reg                              0x50000004   Data           4  pwm.o(.ARM.__AT_0x50000004)
    timer0_ctrl_reg                          0x50003400   Data           4  pwm.o(.ARM.__AT_0x50003400)
    triple_pwm_ctrl_reg                      0x50003410   Data           4  pwm.o(.ARM.__AT_0x50003410)



==============================================================================

Memory Map of the image

  Image Entry point : 0x000000a1

  Load Region LR_IROM1 (Base: 0x00000000, Size: 0x000012ec, Max: 0x00008000, ABSOLUTE, COMPRESSED[0x000010a4])

    Execution Region ER_IROM1 (Base: 0x00000000, Size: 0x00000f18, Max: 0x00008000, ABSOLUTE)

    Base Addr    Size         Type   Attr      Idx    E Section Name        Object

    0x00000000   0x000000a0   Data   RO            3    RESET               startup_cmsdk_cm0.o
    0x000000a0   0x00000008   Code   RO          375  * !!!main             c_p.l(__main.o)
    0x000000a8   0x0000003c   Code   RO          546    !!!scatter          c_p.l(__scatter.o)
    0x000000e4   0x0000001c   Code   RO          548    !!handler_zi        c_p.l(__scatter_zi.o)
    0x00000100   0x00000002   Code   RO          413    .ARM.Collect$$libinit$$00000000  c_p.l(libinit.o)
    0x00000102   0x00000000   Code   RO          427    .ARM.Collect$$libinit$$00000002  c_p.l(libinit2.o)
    0x00000102   0x00000000   Code   RO          429    .ARM.Collect$$libinit$$00000004  c_p.l(libinit2.o)
    0x00000102   0x00000000   Code   RO          432    .ARM.Collect$$libinit$$0000000A  c_p.l(libinit2.o)
    0x00000102   0x00000000   Code   RO          434    .ARM.Collect$$libinit$$0000000C  c_p.l(libinit2.o)
    0x00000102   0x00000000   Code   RO          436    .ARM.Collect$$libinit$$0000000E  c_p.l(libinit2.o)
    0x00000102   0x00000000   Code   RO          439    .ARM.Collect$$libinit$$00000011  c_p.l(libinit2.o)
    0x00000102   0x00000000   Code   RO          441    .ARM.Collect$$libinit$$00000013  c_p.l(libinit2.o)
    0x00000102   0x00000000   Code   RO          443    .ARM.Collect$$libinit$$00000015  c_p.l(libinit2.o)
    0x00000102   0x00000000   Code   RO          445    .ARM.Collect$$libinit$$00000017  c_p.l(libinit2.o)
    0x00000102   0x00000000   Code   RO          447    .ARM.Collect$$libinit$$00000019  c_p.l(libinit2.o)
    0x00000102   0x00000000   Code   RO          449    .ARM.Collect$$libinit$$0000001B  c_p.l(libinit2.o)
    0x00000102   0x00000000   Code   RO          451    .ARM.Collect$$libinit$$0000001D  c_p.l(libinit2.o)
    0x00000102   0x00000000   Code   RO          453    .ARM.Collect$$libinit$$0000001F  c_p.l(libinit2.o)
    0x00000102   0x00000000   Code   RO          455    .ARM.Collect$$libinit$$00000021  c_p.l(libinit2.o)
    0x00000102   0x00000000   Code   RO          457    .ARM.Collect$$libinit$$00000023  c_p.l(libinit2.o)
    0x00000102   0x00000000   Code   RO          459    .ARM.Collect$$libinit$$00000025  c_p.l(libinit2.o)
    0x00000102   0x00000000   Code   RO          463    .ARM.Collect$$libinit$$0000002C  c_p.l(libinit2.o)
    0x00000102   0x00000000   Code   RO          465    .ARM.Collect$$libinit$$0000002E  c_p.l(libinit2.o)
    0x00000102   0x00000000   Code   RO          467    .ARM.Collect$$libinit$$00000030  c_p.l(libinit2.o)
    0x00000102   0x00000000   Code   RO          469    .ARM.Collect$$libinit$$00000032  c_p.l(libinit2.o)
    0x00000102   0x00000002   Code   RO          470    .ARM.Collect$$libinit$$00000033  c_p.l(libinit2.o)
    0x00000104   0x00000002   Code   RO          501    .ARM.Collect$$libshutdown$$00000000  c_p.l(libshutdown.o)
    0x00000106   0x00000000   Code   RO          527    .ARM.Collect$$libshutdown$$00000002  c_p.l(libshutdown2.o)
    0x00000106   0x00000000   Code   RO          529    .ARM.Collect$$libshutdown$$00000004  c_p.l(libshutdown2.o)
    0x00000106   0x00000000   Code   RO          532    .ARM.Collect$$libshutdown$$00000007  c_p.l(libshutdown2.o)
    0x00000106   0x00000000   Code   RO          535    .ARM.Collect$$libshutdown$$0000000A  c_p.l(libshutdown2.o)
    0x00000106   0x00000000   Code   RO          537    .ARM.Collect$$libshutdown$$0000000C  c_p.l(libshutdown2.o)
    0x00000106   0x00000000   Code   RO          540    .ARM.Collect$$libshutdown$$0000000F  c_p.l(libshutdown2.o)
    0x00000106   0x00000002   Code   RO          541    .ARM.Collect$$libshutdown$$00000010  c_p.l(libshutdown2.o)
    0x00000108   0x00000000   Code   RO          377    .ARM.Collect$$rtentry$$00000000  c_p.l(__rtentry.o)
    0x00000108   0x00000000   Code   RO          383    .ARM.Collect$$rtentry$$00000002  c_p.l(__rtentry2.o)
    0x00000108   0x00000006   Code   RO          395    .ARM.Collect$$rtentry$$00000004  c_p.l(__rtentry4.o)
    0x0000010e   0x00000000   Code   RO          385    .ARM.Collect$$rtentry$$00000009  c_p.l(__rtentry2.o)
    0x0000010e   0x00000004   Code   RO          386    .ARM.Collect$$rtentry$$0000000A  c_p.l(__rtentry2.o)
    0x00000112   0x00000000   Code   RO          388    .ARM.Collect$$rtentry$$0000000C  c_p.l(__rtentry2.o)
    0x00000112   0x00000008   Code   RO          389    .ARM.Collect$$rtentry$$0000000D  c_p.l(__rtentry2.o)
    0x0000011a   0x00000002   Code   RO          418    .ARM.Collect$$rtexit$$00000000  c_p.l(rtexit.o)
    0x0000011c   0x00000000   Code   RO          474    .ARM.Collect$$rtexit$$00000002  c_p.l(rtexit2.o)
    0x0000011c   0x00000004   Code   RO          475    .ARM.Collect$$rtexit$$00000003  c_p.l(rtexit2.o)
    0x00000120   0x00000006   Code   RO          476    .ARM.Collect$$rtexit$$00000004  c_p.l(rtexit2.o)
    0x00000126   0x00000002   PAD
    0x00000128   0x00000038   Code   RO            4    .text               startup_cmsdk_cm0.o
    0x00000160   0x00000058   Code   RO           10    .text               system_cmsdk.o
    0x000001b8   0x000000d0   Code   RO           37    .text               peripherals.o
    0x00000288   0x000005a8   Code   RO          107    .text               main.o
    0x00000830   0x00000230   Code   RO          205    .text               spi.o
    0x00000a60   0x0000012c   Code   RO          228    .text               pwm.o
    0x00000b8c   0x0000015a   Code   RO          369    .text               c_p.l(aeabi_sdiv.o)
    0x00000ce6   0x00000006   Code   RO          373    .text               c_p.l(heapauxi.o)
    0x00000cec   0x0000003e   Code   RO          399    .text               c_p.l(sys_stackheap_outer.o)
    0x00000d2a   0x00000010   Code   RO          402    .text               c_p.l(exit.o)
    0x00000d3a   0x00000002   PAD
    0x00000d3c   0x00000008   Code   RO          414    .text               c_p.l(libspace.o)
    0x00000d44   0x0000000c   Code   RO          471    .text               c_p.l(sys_exit.o)
    0x00000d50   0x00000002   Code   RO          490    .text               c_p.l(use_no_semi.o)
    0x00000d52   0x00000000   Code   RO          492    .text               c_p.l(indicate_semi.o)
    0x00000d52   0x00000056   Code   RO          544    .text               c_p.l(__dczerorl2.o)
    0x00000da8   0x00000032   Code   RO          179    i.GPIO_ConfigurePin  gpio.o
    0x00000dda   0x00000002   PAD
    0x00000ddc   0x0000001c   Code   RO          173    i.GPIO_SetActive    gpio.o
    0x00000df8   0x0000001c   Code   RO          167    i.GPIO_SetInactive  gpio.o
    0x00000e14   0x00000020   Code   RO          161    i.GPIO_SetPinFunction  gpio.o
    0x00000e34   0x00000018   Code   RO          255    i.set_tmr_div       pwm.o
    0x00000e4c   0x0000001c   Code   RO          249    i.set_tmr_enable    pwm.o
    0x00000e68   0x0000000c   Code   RO          296    i.timer0_register_callback  pwm.o
    0x00000e74   0x00000014   Code   RO          261    i.timer0_start      pwm.o
    0x00000e88   0x00000014   Code   RO          267    i.timer0_stop       pwm.o
    0x00000e9c   0x00000018   Code   RO          302    i.timer2_enable     pwm.o
    0x00000eb4   0x0000001c   Code   RO          307    i.timer2_set_hw_pause  pwm.o
    0x00000ed0   0x0000000c   Code   RO          317    i.timer2_set_pwm_frequency  pwm.o
    0x00000edc   0x0000001c   Code   RO          312    i.timer2_set_sw_pause  pwm.o
    0x00000ef8   0x00000020   Data   RO          542    Region$$Table       anon$$obj.o


    Execution Region RW_IRAM1 (Base: 0x00008000, Size: 0x00000738, Max: 0x00002800, ABSOLUTE, COMPRESSED[0x0000018c])

    Base Addr    Size         Type   Attr      Idx    E Section Name        Object

    0x00008000   0x00000008   Data   RW           11    .data               system_cmsdk.o
    0x00008008   0x000003c5   Data   RW          108    .data               main.o
    0x000083cd   0x00000002   Data   RW          206    .data               spi.o
    0x000083cf   0x00000001   PAD
    0x000083d0   0x00000004   Data   RW          232    .data               pwm.o
    0x000083d4   0x00000060   Zero   RW          415    .bss                c_p.l(libspace.o)
    0x00008434   0x00000004   PAD
    0x00008438   0x00000100   Zero   RW            2    HEAP                startup_cmsdk_cm0.o
    0x00008538   0x00000200   Zero   RW            1    STACK               startup_cmsdk_cm0.o



  Load Region LR$$.ARM.__AT_0x50000004 (Base: 0x50000004, Size: 0x00000000, Max: 0x00000004, ABSOLUTE)

    Execution Region ER$$.ARM.__AT_0x50000004 (Base: 0x50000004, Size: 0x00000004, Max: 0x00000004, ABSOLUTE, UNINIT)

    Base Addr    Size         Type   Attr      Idx    E Section Name        Object

    0x50000004   0x00000004   Zero   RW          229    .ARM.__AT_0x50000004  pwm.o



  Load Region LR$$.ARM.__AT_0x50003400 (Base: 0x50003400, Size: 0x00000000, Max: 0x00000004, ABSOLUTE)

    Execution Region ER$$.ARM.__AT_0x50003400 (Base: 0x50003400, Size: 0x00000004, Max: 0x00000004, ABSOLUTE, UNINIT)

    Base Addr    Size         Type   Attr      Idx    E Section Name        Object

    0x50003400   0x00000004   Zero   RW          230    .ARM.__AT_0x50003400  pwm.o



  Load Region LR$$.ARM.__AT_0x50003410 (Base: 0x50003410, Size: 0x00000000, Max: 0x00000004, ABSOLUTE)

    Execution Region ER$$.ARM.__AT_0x50003410 (Base: 0x50003410, Size: 0x00000004, Max: 0x00000004, ABSOLUTE, UNINIT)

    Base Addr    Size         Type   Attr      Idx    E Section Name        Object

    0x50003410   0x00000004   Zero   RW          231    .ARM.__AT_0x50003410  pwm.o


==============================================================================

Image component sizes


      Code (inc. data)   RO Data    RW Data    ZI Data      Debug   Object Name

       138         12          0          0          0       2478   gpio.o
      1448         66          0        965          0      12252   main.o
       208          6          0          0          0       1804   peripherals.o
       496         68          0          4         12      13384   pwm.o
       560          8          0          2          0       3500   spi.o
        56         26        160          0        768        652   startup_cmsdk_cm0.o
        88         10          0          8          0      94909   system_cmsdk.o

    ----------------------------------------------------------------------
      2996        196        192        980        780     128979   Object Totals
         0          0         32          0          0          0   (incl. Generated)
         2          0          0          1          0          0   (incl. Padding)

    ----------------------------------------------------------------------

      Code (inc. data)   RO Data    RW Data    ZI Data      Debug   Library Member Name

        86          0          0          0          0          0   __dczerorl2.o
         8          0          0          0          0         68   __main.o
         0          0          0          0          0          0   __rtentry.o
        12          0          0          0          0          0   __rtentry2.o
         6          0          0          0          0          0   __rtentry4.o
        60          8          0          0          0          0   __scatter.o
        28          0          0          0          0          0   __scatter_zi.o
       346          0          0          0          0         92   aeabi_sdiv.o
        16          0          0          0          0         68   exit.o
         6          0          0          0          0        136   heapauxi.o
         0          0          0          0          0          0   indicate_semi.o
         2          0          0          0          0          0   libinit.o
         2          0          0          0          0          0   libinit2.o
         2          0          0          0          0          0   libshutdown.o
         2          0          0          0          0          0   libshutdown2.o
         8          4          0          0         96         68   libspace.o
         2          0          0          0          0          0   rtexit.o
        10          0          0          0          0          0   rtexit2.o
        12          4          0          0          0         60   sys_exit.o
        62          0          0          0          0         80   sys_stackheap_outer.o
         2          0          0          0          0         68   use_no_semi.o

    ----------------------------------------------------------------------
       676         16          0          0        100        640   Library Totals
         4          0          0          0          4          0   (incl. Padding)

    ----------------------------------------------------------------------

      Code (inc. data)   RO Data    RW Data    ZI Data      Debug   Library Name

       672         16          0          0         96        640   c_p.l

    ----------------------------------------------------------------------
       676         16          0          0        100        640   Library Totals

    ----------------------------------------------------------------------

==============================================================================


      Code (inc. data)   RO Data    RW Data    ZI Data      Debug   

      3672        212        192        980        880     128599   Grand Totals
      3672        212        192        396        880     128599   ELF Image Totals (compressed)
      3672        212        192        396          0          0   ROM Totals

==============================================================================

    Total RO  Size (Code + RO Data)                 3864 (   3.77kB)
    Total RW  Size (RW Data + ZI Data)              1860 (   1.82kB)
    Total ROM Size (Code + RO Data + RW Data)       4260 (   4.16kB)

==============================================================================

